// Jest Snapshot v1, https://goo.gl/fbAQLP

exports[`<ListItem /> should match snapshot 1`] = `
<div>
  <input
    readonly=""
    type="text"
    value="test - Pending upload"
  />
  <button>
    X
  </button>
  <button>
    ↑
  </button>
  <button>
    ↓
  </button>
</div>
`;
